../Core/Src/oled.c:16:6:OLED_SendCmd	32	static
../Core/Src/oled.c:23:6:OLED_CheckOnline	24	static
../Core/Src/oled.c:38:6:OLED_Init	8	static
../Core/Src/oled.c:73:6:OLED_ClearScreen	1176	static
../Core/Src/oled.c:88:6:OLED_ShowDistance_Text	152	static
../Core/Src/oled.c:109:6:OLED_ShowTemperature_Text	152	static
../Core/Src/oled.c:130:6:OLED_SoundSpeed_Text	152	static
../Core/Src/oled.c:152:6:OLED_SoundSpeed_Unit	56	static
../Core/Src/oled.c:174:6:OLED_ShowTemperature	112	static
../Core/Src/oled.c:206:6:OLED_ShowSoundSpeed	96	static
../Core/Src/oled.c:238:6:OLED_ShowDistance	112	static
../Core/Src/oled.c:271:6:OLED_ShowDistance_SoFar	72	static
